# UI QA report — http://127.0.0.1:8011 — 2026-10-01T07:08:27.543Z
Failures: 10

## /app?view=ai
- 390x844: ISSUES — /Users/rodiontipcov/worktrees/wt-unilab-lead-core-v2-2026-10-01-ui/artifacts/ui-qa/lead-core-v2/after/error/app_view_ai-390x844.png
  - A4 1 standalone controls < 24px
  - A4 2 primary buttons < 44px on mobile
  - E8 console errors: 1
  - E8 failed requests: 1
  - vitals: LCP 188 ms · CLS 0 · INP n/a ms (no interaction)
- 768x1024: ISSUES — /Users/rodiontipcov/worktrees/wt-unilab-lead-core-v2-2026-10-01-ui/artifacts/ui-qa/lead-core-v2/after/error/app_view_ai-768x1024.png
  - A4 13 standalone controls < 24px
  - E8 console errors: 1
  - E8 failed requests: 1
  - vitals: LCP 244 ms · CLS 0 · INP n/a ms (no interaction)
- 1440x900: ISSUES — /Users/rodiontipcov/worktrees/wt-unilab-lead-core-v2-2026-10-01-ui/artifacts/ui-qa/lead-core-v2/after/error/app_view_ai-1440x900.png
  - A4 13 standalone controls < 24px
  - E8 console errors: 1
  - E8 failed requests: 1
  - vitals: LCP 164 ms · CLS 0.002 · INP n/a ms (no interaction)

Next: inspect every screenshot at native scale per §F (viewport-height crops), write per-screenshot verdicts.
